/Users/aaryan/Downloads/ugp/rapid_yield_forecast/v16_long_horizon/scripts/train_v16_unified_encoder.py:343: RuntimeWarning: Mean of empty slice
  centre = np.nanmean(values[train], axis=axes)
/Users/aaryan/.pyenv/versions/3.11.5/lib/python3.11/site-packages/numpy/lib/_nanfunctions_impl.py:1997: RuntimeWarning: Degrees of freedom <= 0 for slice.
  var = nanvar(a, axis=axis, dtype=dtype, out=out, ddof=ddof,
2668 labelled district-seasons available
  fold 2004: 448 labelled train rows, pinball 0.0410
/Users/aaryan/Downloads/ugp/rapid_yield_forecast/v16_long_horizon/scripts/train_v16_unified_encoder.py:343: RuntimeWarning: Mean of empty slice
  centre = np.nanmean(values[train], axis=axes)
/Users/aaryan/.pyenv/versions/3.11.5/lib/python3.11/site-packages/numpy/lib/_nanfunctions_impl.py:1997: RuntimeWarning: Degrees of freedom <= 0 for slice.
  var = nanvar(a, axis=axis, dtype=dtype, out=out, ddof=ddof,
  fold 2005: 560 labelled train rows, pinball 0.0274
/Users/aaryan/Downloads/ugp/rapid_yield_forecast/v16_long_horizon/scripts/train_v16_unified_encoder.py:343: RuntimeWarning: Mean of empty slice
  centre = np.nanmean(values[train], axis=axes)
/Users/aaryan/.pyenv/versions/3.11.5/lib/python3.11/site-packages/numpy/lib/_nanfunctions_impl.py:1997: RuntimeWarning: Degrees of freedom <= 0 for slice.
  var = nanvar(a, axis=axis, dtype=dtype, out=out, ddof=ddof,
  fold 2006: 672 labelled train rows, pinball 0.0239
/Users/aaryan/Downloads/ugp/rapid_yield_forecast/v16_long_horizon/scripts/train_v16_unified_encoder.py:343: RuntimeWarning: Mean of empty slice
  centre = np.nanmean(values[train], axis=axes)
/Users/aaryan/.pyenv/versions/3.11.5/lib/python3.11/site-packages/numpy/lib/_nanfunctions_impl.py:1997: RuntimeWarning: Degrees of freedom <= 0 for slice.
  var = nanvar(a, axis=axis, dtype=dtype, out=out, ddof=ddof,
  fold 2007: 784 labelled train rows, pinball 0.0312
/Users/aaryan/Downloads/ugp/rapid_yield_forecast/v16_long_horizon/scripts/train_v16_unified_encoder.py:343: RuntimeWarning: Mean of empty slice
  centre = np.nanmean(values[train], axis=axes)
/Users/aaryan/.pyenv/versions/3.11.5/lib/python3.11/site-packages/numpy/lib/_nanfunctions_impl.py:1997: RuntimeWarning: Degrees of freedom <= 0 for slice.
  var = nanvar(a, axis=axis, dtype=dtype, out=out, ddof=ddof,
  fold 2008: 895 labelled train rows, pinball 0.0249
/Users/aaryan/Downloads/ugp/rapid_yield_forecast/v16_long_horizon/scripts/train_v16_unified_encoder.py:343: RuntimeWarning: Mean of empty slice
  centre = np.nanmean(values[train], axis=axes)
/Users/aaryan/.pyenv/versions/3.11.5/lib/python3.11/site-packages/numpy/lib/_nanfunctions_impl.py:1997: RuntimeWarning: Degrees of freedom <= 0 for slice.
  var = nanvar(a, axis=axis, dtype=dtype, out=out, ddof=ddof,
  fold 2009: 1010 labelled train rows, pinball 0.0270
/Users/aaryan/Downloads/ugp/rapid_yield_forecast/v16_long_horizon/scripts/train_v16_unified_encoder.py:343: RuntimeWarning: Mean of empty slice
  centre = np.nanmean(values[train], axis=axes)
/Users/aaryan/.pyenv/versions/3.11.5/lib/python3.11/site-packages/numpy/lib/_nanfunctions_impl.py:1997: RuntimeWarning: Degrees of freedom <= 0 for slice.
  var = nanvar(a, axis=axis, dtype=dtype, out=out, ddof=ddof,
  fold 2010: 1126 labelled train rows, pinball 0.0213
  fold 2011: 1242 labelled train rows, pinball 0.0199
  fold 2012: 1360 labelled train rows, pinball 0.0207
  fold 2013: 1478 labelled train rows, pinball 0.0303
  fold 2014: 1597 labelled train rows, pinball 0.0214
  fold 2015: 1716 labelled train rows, pinball 0.0183
  fold 2016: 1835 labelled train rows, pinball 0.0250
  fold 2017: 1954 labelled train rows, pinball 0.0289
  fold 2018: 2073 labelled train rows, pinball 0.0292
  fold 2019: 2192 labelled train rows, pinball 0.0257
  fold 2020: 2311 labelled train rows, pinball 0.0280
  fold 2021: 2430 labelled train rows, pinball 0.0193
  fold 2022: 2549 labelled train rows, pinball 0.0216

wrote 2261 rows to yield_head_predictions.parquet
